Matrix:
10  11  12  13  
12  13  14  15  
14  15  16  17  
16  17  18  19  
18  19  20  21  
Transpose of the matrix:
10  12  14  16  18  
11  13  15  17  19  
12  14  16  18  20  
13  15  17  19  21  
